PyTorch conda environment for use with DeltaAI (CUDA 12.9)

Includes: jupyter, jupyterlab, matplotlib, pandas, scipy,
          scikit-learn, nvitop, mpi4py, tensorboard, wandb

Quick start (on compute node):
  module load python/miniforge3_pytorch/2.10.0
  conda activate base
  python -c "import torch; print(torch.cuda.is_available())"

For Jupyter notebook support (Open OnDemand):
  setup-kernel

DeltaAI environment loaded
  DELTA_PROJECT=bhgj
  DELTA_ACCOUNT=bhgj-dtai-gh
  DELTA_REPO=/u/gnahass/representation-jepa
  DELTA_WORK=/work/nvme/bhgj/gnahass/representation-jepa
Job ID: 2273998
Node: gh110.hsn.cm.delta.internal.ncsa.edu
Account: bhgj-dtai-gh
Partition: ghx4
Config: configs/delta/train_lejepa_vit_l16_multicrop_ddp4_b32.yaml
Tasks: 4
MASTER_ADDR: gh110
MASTER_PORT: 29500
Mon May 11 17:23:21 2026       
+-----------------------------------------------------------------------------------------+
| NVIDIA-SMI 590.48.01              Driver Version: 590.48.01      CUDA Version: 13.1     |
+-----------------------------------------+------------------------+----------------------+
| GPU  Name                 Persistence-M | Bus-Id          Disp.A | Volatile Uncorr. ECC |
| Fan  Temp   Perf          Pwr:Usage/Cap |           Memory-Usage | GPU-Util  Compute M. |
|                                         |                        |               MIG M. |
|=========================================+========================+======================|
|   0  NVIDIA GH200 120GB             On  |   00000009:01:00.0 Off |                    0 |
| N/A   23C    P0             98W /  900W |       3MiB /  97871MiB |      0%      Default |
|                                         |                        |             Disabled |
+-----------------------------------------+------------------------+----------------------+
|   1  NVIDIA GH200 120GB             On  |   00000019:01:00.0 Off |                    0 |
| N/A   23C    P0             81W /  900W |       2MiB /  97871MiB |      0%      Default |
|                                         |                        |             Disabled |
+-----------------------------------------+------------------------+----------------------+
|   2  NVIDIA GH200 120GB             On  |   00000029:01:00.0 Off |                    0 |
| N/A   23C    P0             84W /  900W |       3MiB /  97871MiB |      0%      Default |
|                                         |                        |             Disabled |
+-----------------------------------------+------------------------+----------------------+
|   3  NVIDIA GH200 120GB             On  |   00000039:01:00.0 Off |                    0 |
| N/A   23C    P0             97W /  900W |       3MiB /  97871MiB |      0%      Default |
|                                         |                        |             Disabled |
+-----------------------------------------+------------------------+----------------------+

+-----------------------------------------------------------------------------------------+
| Processes:                                                                              |
|  GPU   GI   CI              PID   Type   Process name                        GPU Memory |
|        ID   ID                                                               Usage      |
|=========================================================================================|
|  No running processes found                                                             |
+-----------------------------------------------------------------------------------------+
/sw/user/python/miniforge3-pytorch-2.10.0/lib/python3.12/site-packages/torch/distributed/c10d_logger.py:83: UserWarning: barrier(): using the device under current context. You can specify `device_id` in `init_process_group` to mute this warning.
  return func(*args, **kwargs)
srun: Job step aborted: Waiting up to 32 seconds for job step to finish.
epoch 0:   0%|          | 0/28005 [00:00<?, ?it/s][2026-05-11T17:28:25.742] error: *** STEP 2273998.0 ON gh110 CANCELLED AT 2026-05-11T17:28:25 DUE to SIGNAL Terminated ***
[2026-05-11T17:28:25.745] error: *** JOB 2273998 ON gh110 CANCELLED AT 2026-05-11T17:28:25 DUE to SIGNAL Terminated ***
