PyTorch conda environment for use with DeltaAI (CUDA 12.9)

Includes: jupyter, jupyterlab, matplotlib, pandas, scipy,
          scikit-learn, nvitop, mpi4py, tensorboard, wandb

Quick start (on compute node):
  module load python/miniforge3_pytorch/2.10.0
  conda activate base
  python -c "import torch; print(torch.cuda.is_available())"

For Jupyter notebook support (Open OnDemand):
  setup-kernel

DeltaAI environment loaded
  DELTA_PROJECT=bhgj
  DELTA_ACCOUNT=bhgj-dtai-gh
  DELTA_REPO=/u/gnahass/representation-jepa
  DELTA_WORK=/work/nvme/bhgj/gnahass/representation-jepa
Job ID: 2273955
Node: gh045.hsn.cm.delta.internal.ncsa.edu
Account: bhgj-dtai-gh
Partition: ghx4
Config: configs/delta/smoke_lejepa_vit_b16_multicrop_ddp4.yaml
Tasks: 4
MASTER_ADDR: gh045
MASTER_PORT: 29500
Mon May 11 17:06:56 2026       
+-----------------------------------------------------------------------------------------+
| NVIDIA-SMI 590.48.01              Driver Version: 590.48.01      CUDA Version: 13.1     |
+-----------------------------------------+------------------------+----------------------+
| GPU  Name                 Persistence-M | Bus-Id          Disp.A | Volatile Uncorr. ECC |
| Fan  Temp   Perf          Pwr:Usage/Cap |           Memory-Usage | GPU-Util  Compute M. |
|                                         |                        |               MIG M. |
|=========================================+========================+======================|
|   0  NVIDIA GH200 120GB             On  |   00000009:01:00.0 Off |                    0 |
| N/A   17C    P0             93W /  900W |       2MiB /  97871MiB |      0%      Default |
|                                         |                        |             Disabled |
+-----------------------------------------+------------------------+----------------------+
|   1  NVIDIA GH200 120GB             On  |   00000019:01:00.0 Off |                    0 |
| N/A   20C    P0             89W /  900W |       2MiB /  97871MiB |      0%      Default |
|                                         |                        |             Disabled |
+-----------------------------------------+------------------------+----------------------+
|   2  NVIDIA GH200 120GB             On  |   00000029:01:00.0 Off |                    0 |
| N/A   19C    P0             86W /  900W |       2MiB /  97871MiB |      0%      Default |
|                                         |                        |             Disabled |
+-----------------------------------------+------------------------+----------------------+
|   3  NVIDIA GH200 120GB             On  |   00000039:01:00.0 Off |                    0 |
| N/A   16C    P0             82W /  900W |       3MiB /  97871MiB |      0%      Default |
|                                         |                        |             Disabled |
+-----------------------------------------+------------------------+----------------------+

+-----------------------------------------------------------------------------------------+
| Processes:                                                                              |
|  GPU   GI   CI              PID   Type   Process name                        GPU Memory |
|        ID   ID                                                               Usage      |
|=========================================================================================|
|  No running processes found                                                             |
+-----------------------------------------------------------------------------------------+
/sw/user/python/miniforge3-pytorch-2.10.0/lib/python3.12/site-packages/torch/distributed/c10d_logger.py:83: UserWarning: barrier(): using the device under current context. You can specify `device_id` in `init_process_group` to mute this warning.
  return func(*args, **kwargs)
epoch 0:   0%|          | 0/16 [00:00<?, ?it/s]epoch 0:   6%|▋         | 1/16 [00:01<00:19,  1.28s/it]epoch 0:  12%|█▎        | 2/16 [00:01<00:09,  1.55it/s]epoch 0:  19%|█▉        | 3/16 [00:01<00:05,  2.34it/s]epoch 0:  25%|██▌       | 4/16 [00:01<00:03,  3.09it/s]epoch 0:  31%|███▏      | 5/16 [00:02<00:03,  3.32it/s]epoch 0:  38%|███▊      | 6/16 [00:02<00:02,  3.88it/s]epoch 0:  44%|████▍     | 7/16 [00:02<00:02,  4.41it/s]epoch 0:  50%|█████     | 8/16 [00:02<00:01,  4.82it/s]epoch 0:  56%|█████▋    | 9/16 [00:02<00:01,  5.14it/s]epoch 0:  62%|██████▎   | 10/16 [00:03<00:01,  3.02it/s]epoch 0:  62%|██████▎   | 10/16 [00:03<00:02,  2.86it/s]
